
Discarded input sections

 .text          0x00000000        0x0 ..\obj\AppFront.o
 .data          0x00000000        0x0 ..\obj\AppFront.o
 .bss           0x00000000        0x0 ..\obj\AppFront.o
 .text.MessageToCommand
                0x00000000       0x18 ..\obj\AppFront.o
 .text.ErrorCodeHandler
                0x00000000       0x18 ..\obj\AppFront.o
 .debug_info    0x00000000      0x10f ..\obj\AppFront.o
 .debug_abbrev  0x00000000       0xac ..\obj\AppFront.o
 .debug_aranges
                0x00000000       0x28 ..\obj\AppFront.o
 .debug_ranges  0x00000000       0x18 ..\obj\AppFront.o
 .debug_line    0x00000000       0xd8 ..\obj\AppFront.o
 .debug_str     0x00000000      0x18f ..\obj\AppFront.o
 .comment       0x00000000       0x71 ..\obj\AppFront.o
 .ARM.attributes
                0x00000000       0x33 ..\obj\AppFront.o
 .debug_frame   0x00000000       0x48 ..\obj\AppFront.o
 .text          0x00000000        0x0 ..\obj\Uart.o
 .data          0x00000000        0x0 ..\obj\Uart.o
 .bss           0x00000000        0x0 ..\obj\Uart.o
 .text.UartGet  0x00000000       0x38 ..\obj\Uart.o
 .text.UartGets
                0x00000000       0x58 ..\obj\Uart.o
 .text          0x00000000        0x0 ..\obj\stm32f4xx_usart.o
 .data          0x00000000        0x0 ..\obj\stm32f4xx_usart.o
 .bss           0x00000000        0x0 ..\obj\stm32f4xx_usart.o
 .text.USART_DeInit
                0x00000000       0xd0 ..\obj\stm32f4xx_usart.o
 .text.USART_StructInit
                0x00000000       0x38 ..\obj\stm32f4xx_usart.o
 .text.USART_ClockInit
                0x00000000       0x54 ..\obj\stm32f4xx_usart.o
 .text.USART_ClockStructInit
                0x00000000       0x2c ..\obj\stm32f4xx_usart.o
 .text.USART_SetPrescaler
                0x00000000       0x38 ..\obj\stm32f4xx_usart.o
 .text.USART_OverSampling8Cmd
                0x00000000       0x44 ..\obj\stm32f4xx_usart.o
 .text.USART_OneBitMethodCmd
                0x00000000       0x40 ..\obj\stm32f4xx_usart.o
 .text.USART_ReceiveData
                0x00000000       0x20 ..\obj\stm32f4xx_usart.o
 .text.USART_SetAddress
                0x00000000       0x38 ..\obj\stm32f4xx_usart.o
 .text.USART_ReceiverWakeUpCmd
                0x00000000       0x40 ..\obj\stm32f4xx_usart.o
 .text.USART_WakeUpConfig
                0x00000000       0x38 ..\obj\stm32f4xx_usart.o
 .text.USART_LINBreakDetectLengthConfig
                0x00000000       0x38 ..\obj\stm32f4xx_usart.o
 .text.USART_LINCmd
                0x00000000       0x40 ..\obj\stm32f4xx_usart.o
 .text.USART_SendBreak
                0x00000000       0x24 ..\obj\stm32f4xx_usart.o
 .text.USART_HalfDuplexCmd
                0x00000000       0x40 ..\obj\stm32f4xx_usart.o
 .text.USART_SetGuardTime
                0x00000000       0x3c ..\obj\stm32f4xx_usart.o
 .text.USART_SmartCardCmd
                0x00000000       0x40 ..\obj\stm32f4xx_usart.o
 .text.USART_SmartCardNACKCmd
                0x00000000       0x40 ..\obj\stm32f4xx_usart.o
 .text.USART_IrDAConfig
                0x00000000       0x38 ..\obj\stm32f4xx_usart.o
 .text.USART_IrDACmd
                0x00000000       0x40 ..\obj\stm32f4xx_usart.o
 .text.USART_DMACmd
                0x00000000       0x48 ..\obj\stm32f4xx_usart.o
 .text.USART_ClearFlag
                0x00000000       0x20 ..\obj\stm32f4xx_usart.o
 .text.USART_GetITStatus
                0x00000000       0xb0 ..\obj\stm32f4xx_usart.o
 .text.USART_ClearITPendingBit
                0x00000000       0x38 ..\obj\stm32f4xx_usart.o
 .text          0x00000000        0x0 ..\obj\startup_stm32f4xx.o
 .data          0x00000000        0x0 ..\obj\startup_stm32f4xx.o
 .bss           0x00000000        0x0 ..\obj\startup_stm32f4xx.o
 .text          0x00000000        0x0 ..\obj\main.o
 .data          0x00000000        0x0 ..\obj\main.o
 .bss           0x00000000        0x0 ..\obj\main.o
 .text          0x00000000        0x0 ..\obj\stm32f4xx_rcc.o
 .bss           0x00000000        0x0 ..\obj\stm32f4xx_rcc.o
 .text.RCC_DeInit
                0x00000000       0x50 ..\obj\stm32f4xx_rcc.o
 .text.RCC_HSEConfig
                0x00000000       0x24 ..\obj\stm32f4xx_rcc.o
 .text.RCC_WaitForHSEStartUp
                0x00000000       0x50 ..\obj\stm32f4xx_rcc.o
 .text.RCC_AdjustHSICalibrationValue
                0x00000000       0x3c ..\obj\stm32f4xx_rcc.o
 .text.RCC_HSICmd
                0x00000000       0x20 ..\obj\stm32f4xx_rcc.o
 .text.RCC_LSEConfig
                0x00000000       0x40 ..\obj\stm32f4xx_rcc.o
 .text.RCC_LSICmd
                0x00000000       0x20 ..\obj\stm32f4xx_rcc.o
 .text.RCC_PLLConfig
                0x00000000       0x3c ..\obj\stm32f4xx_rcc.o
 .text.RCC_PLLCmd
                0x00000000       0x20 ..\obj\stm32f4xx_rcc.o
 .text.RCC_PLLI2SConfig
                0x00000000       0x28 ..\obj\stm32f4xx_rcc.o
 .text.RCC_PLLI2SCmd
                0x00000000       0x20 ..\obj\stm32f4xx_rcc.o
 .text.RCC_ClockSecuritySystemCmd
                0x00000000       0x20 ..\obj\stm32f4xx_rcc.o
 .text.RCC_MCO1Config
                0x00000000       0x3c ..\obj\stm32f4xx_rcc.o
 .text.RCC_MCO2Config
                0x00000000       0x3c ..\obj\stm32f4xx_rcc.o
 .text.RCC_SYSCLKConfig
                0x00000000       0x38 ..\obj\stm32f4xx_rcc.o
 .text.RCC_GetSYSCLKSource
                0x00000000       0x20 ..\obj\stm32f4xx_rcc.o
 .text.RCC_HCLKConfig
                0x00000000       0x38 ..\obj\stm32f4xx_rcc.o
 .text.RCC_PCLK1Config
                0x00000000       0x38 ..\obj\stm32f4xx_rcc.o
 .text.RCC_PCLK2Config
                0x00000000       0x38 ..\obj\stm32f4xx_rcc.o
 .text.RCC_RTCCLKConfig
                0x00000000       0x5c ..\obj\stm32f4xx_rcc.o
 .text.RCC_RTCCLKCmd
                0x00000000       0x20 ..\obj\stm32f4xx_rcc.o
 .text.RCC_BackupResetCmd
                0x00000000       0x20 ..\obj\stm32f4xx_rcc.o
 .text.RCC_I2SCLKConfig
                0x00000000       0x1c ..\obj\stm32f4xx_rcc.o
 .text.RCC_AHB2PeriphClockCmd
                0x00000000       0x3c ..\obj\stm32f4xx_rcc.o
 .text.RCC_AHB3PeriphClockCmd
                0x00000000       0x3c ..\obj\stm32f4xx_rcc.o
 .text.RCC_APB2PeriphClockCmd
                0x00000000       0x3c ..\obj\stm32f4xx_rcc.o
 .text.RCC_AHB1PeriphResetCmd
                0x00000000       0x3c ..\obj\stm32f4xx_rcc.o
 .text.RCC_AHB2PeriphResetCmd
                0x00000000       0x3c ..\obj\stm32f4xx_rcc.o
 .text.RCC_AHB3PeriphResetCmd
                0x00000000       0x3c ..\obj\stm32f4xx_rcc.o
 .text.RCC_APB1PeriphResetCmd
                0x00000000       0x3c ..\obj\stm32f4xx_rcc.o
 .text.RCC_APB2PeriphResetCmd
                0x00000000       0x3c ..\obj\stm32f4xx_rcc.o
 .text.RCC_AHB1PeriphClockLPModeCmd
                0x00000000       0x3c ..\obj\stm32f4xx_rcc.o
 .text.RCC_AHB2PeriphClockLPModeCmd
                0x00000000       0x3c ..\obj\stm32f4xx_rcc.o
 .text.RCC_AHB3PeriphClockLPModeCmd
                0x00000000       0x3c ..\obj\stm32f4xx_rcc.o
 .text.RCC_APB1PeriphClockLPModeCmd
                0x00000000       0x3c ..\obj\stm32f4xx_rcc.o
 .text.RCC_APB2PeriphClockLPModeCmd
                0x00000000       0x3c ..\obj\stm32f4xx_rcc.o
 .text.RCC_ITConfig
                0x00000000       0x48 ..\obj\stm32f4xx_rcc.o
 .text.RCC_GetFlagStatus
                0x00000000       0x74 ..\obj\stm32f4xx_rcc.o
 .text.RCC_ClearFlag
                0x00000000       0x1c ..\obj\stm32f4xx_rcc.o
 .text.RCC_GetITStatus
                0x00000000       0x38 ..\obj\stm32f4xx_rcc.o
 .text.RCC_ClearITPendingBit
                0x00000000       0x20 ..\obj\stm32f4xx_rcc.o
 .text          0x00000000        0x0 ..\obj\printf.o
 .data          0x00000000      0x430 ..\obj\printf.o
 .bss           0x00000000        0x0 ..\obj\printf.o
 .text.PrintChar
                0x00000000       0x14 ..\obj\printf.o
 .text.PutChar  0x00000000       0x20 ..\obj\printf.o
 .text.PutString
                0x00000000       0x3c ..\obj\printf.o
 .text.PutUnsignedInt
                0x00000000       0xa0 ..\obj\printf.o
 .text.PutSignedInt
                0x00000000       0xfc ..\obj\printf.o
 .text.PutHexa  0x00000000       0xd4 ..\obj\printf.o
 .text.vsnprintf
                0x00000000      0x254 ..\obj\printf.o
 .text.snprintf
                0x00000000       0x30 ..\obj\printf.o
 .text.vsprintf
                0x00000000       0x24 ..\obj\printf.o
 .rodata        0x00000000       0x24 ..\obj\printf.o
 .text.vfprintf
                0x00000000       0x68 ..\obj\printf.o
 .text.vprintf  0x00000000       0x28 ..\obj\printf.o
 .text.fprintf  0x00000000       0x2c ..\obj\printf.o
 .text.printf   0x00000000       0x28 ..\obj\printf.o
 .text.sprintf  0x00000000       0x2c ..\obj\printf.o
 .text.puts     0x00000000       0x24 ..\obj\printf.o
 .text.fputc    0x00000000       0x40 ..\obj\printf.o
 .text.fputs    0x00000000       0x48 ..\obj\printf.o
 .debug_info    0x00000000      0xe38 ..\obj\printf.o
 .debug_abbrev  0x00000000      0x27e ..\obj\printf.o
 .debug_aranges
                0x00000000       0xa0 ..\obj\printf.o
 .debug_ranges  0x00000000       0x90 ..\obj\printf.o
 .debug_line    0x00000000      0x393 ..\obj\printf.o
 .debug_str     0x00000000      0x658 ..\obj\printf.o
 .comment       0x00000000       0x71 ..\obj\printf.o
 .ARM.attributes
                0x00000000       0x33 ..\obj\printf.o
 .debug_frame   0x00000000      0x244 ..\obj\printf.o
 .text          0x00000000        0x0 ..\obj\stm32f4xx_gpio.o
 .data          0x00000000        0x0 ..\obj\stm32f4xx_gpio.o
 .bss           0x00000000        0x0 ..\obj\stm32f4xx_gpio.o
 .text.GPIO_DeInit
                0x00000000      0x120 ..\obj\stm32f4xx_gpio.o
 .text.GPIO_StructInit
                0x00000000       0x34 ..\obj\stm32f4xx_gpio.o
 .text.GPIO_PinLockConfig
                0x00000000       0x44 ..\obj\stm32f4xx_gpio.o
 .text.GPIO_ReadInputDataBit
                0x00000000       0x34 ..\obj\stm32f4xx_gpio.o
 .text.GPIO_ReadInputData
                0x00000000       0x1c ..\obj\stm32f4xx_gpio.o
 .text.GPIO_ReadOutputDataBit
                0x00000000       0x34 ..\obj\stm32f4xx_gpio.o
 .text.GPIO_ReadOutputData
                0x00000000       0x1c ..\obj\stm32f4xx_gpio.o
 .text.GPIO_SetBits
                0x00000000       0x1c ..\obj\stm32f4xx_gpio.o
 .text.GPIO_ResetBits
                0x00000000       0x1c ..\obj\stm32f4xx_gpio.o
 .text.GPIO_WriteBit
                0x00000000       0x30 ..\obj\stm32f4xx_gpio.o
 .text.GPIO_Write
                0x00000000       0x1c ..\obj\stm32f4xx_gpio.o
 .text.GPIO_ToggleBits
                0x00000000       0x24 ..\obj\stm32f4xx_gpio.o
 .text          0x00000000        0x0 ..\obj\system_stm32f4xx.o
 .data          0x00000000       0x14 ..\obj\system_stm32f4xx.o
 .bss           0x00000000        0x0 ..\obj\system_stm32f4xx.o
 .text.SystemInit
                0x00000000       0x58 ..\obj\system_stm32f4xx.o
 .text.SystemCoreClockUpdate
                0x00000000       0xf8 ..\obj\system_stm32f4xx.o
 .text.SetSysClock
                0x00000000       0xf4 ..\obj\system_stm32f4xx.o
 .debug_info    0x00000000      0x566 ..\obj\system_stm32f4xx.o
 .debug_abbrev  0x00000000      0x136 ..\obj\system_stm32f4xx.o
 .debug_aranges
                0x00000000       0x30 ..\obj\system_stm32f4xx.o
 .debug_ranges  0x00000000       0x20 ..\obj\system_stm32f4xx.o
 .debug_line    0x00000000      0x181 ..\obj\system_stm32f4xx.o
 .debug_str     0x00000000      0x37b ..\obj\system_stm32f4xx.o
 .comment       0x00000000       0x71 ..\obj\system_stm32f4xx.o
 .ARM.attributes
                0x00000000       0x33 ..\obj\system_stm32f4xx.o
 .debug_frame   0x00000000       0x64 ..\obj\system_stm32f4xx.o
 .text          0x00000000        0x0 ..\obj\syscalls.o
 .data          0x00000000        0x0 ..\obj\syscalls.o
 .bss           0x00000000        0x4 ..\obj\syscalls.o
 .text._sbrk    0x00000000       0x40 ..\obj\syscalls.o
 .text.link     0x00000000       0x1c ..\obj\syscalls.o
 .text._close   0x00000000       0x18 ..\obj\syscalls.o
 .text._fstat   0x00000000       0x20 ..\obj\syscalls.o
 .text._isatty  0x00000000       0x18 ..\obj\syscalls.o
 .text._lseek   0x00000000       0x1c ..\obj\syscalls.o
 .text._read    0x00000000       0x1c ..\obj\syscalls.o
 .text._write   0x00000000       0x1c ..\obj\syscalls.o
 .text.abort    0x00000000        0x8 ..\obj\syscalls.o
 .debug_info    0x00000000      0x3ee ..\obj\syscalls.o
 .debug_abbrev  0x00000000       0xe2 ..\obj\syscalls.o
 .debug_aranges
                0x00000000       0x60 ..\obj\syscalls.o
 .debug_ranges  0x00000000       0x50 ..\obj\syscalls.o
 .debug_line    0x00000000      0x173 ..\obj\syscalls.o
 .debug_str     0x00000000      0x2c9 ..\obj\syscalls.o
 .comment       0x00000000       0x71 ..\obj\syscalls.o
 .ARM.attributes
                0x00000000       0x33 ..\obj\syscalls.o
 .debug_frame   0x00000000      0x108 ..\obj\syscalls.o

Memory Configuration

Name             Origin             Length             Attributes
rom              0x08000000         0x00100000         xr
ram              0x20000000         0x00020000         xrw
ram1             0x10000000         0x00010000         xrw
*default*        0x00000000         0xffffffff

Linker script and memory map

                0x20020000                _eram = 0x20020000

.text           0x08000000      0x918
 *(.isr_vector)
 .isr_vector    0x08000000      0x188 ..\obj\startup_stm32f4xx.o
                0x08000000                g_pfnVectors
 *(.text*)
 .text.UartInit
                0x08000188       0x94 ..\obj\Uart.o
                0x08000188                UartInit
 .text.UartPut  0x0800021c       0x30 ..\obj\Uart.o
                0x0800021c                UartPut
 .text.UartPuts
                0x0800024c       0x34 ..\obj\Uart.o
                0x0800024c                UartPuts
 .text.USART_Init
                0x08000280      0x174 ..\obj\stm32f4xx_usart.o
                0x08000280                USART_Init
 .text.USART_Cmd
                0x080003f4       0x40 ..\obj\stm32f4xx_usart.o
                0x080003f4                USART_Cmd
 .text.USART_SendData
                0x08000434       0x24 ..\obj\stm32f4xx_usart.o
                0x08000434                USART_SendData
 .text.USART_ITConfig
                0x08000458       0x90 ..\obj\stm32f4xx_usart.o
                0x08000458                USART_ITConfig
 .text.USART_GetFlagStatus
                0x080004e8       0x38 ..\obj\stm32f4xx_usart.o
                0x080004e8                USART_GetFlagStatus
 .text.Default_Reset_Handler
                0x08000520       0x5c ..\obj\startup_stm32f4xx.o
                0x08000520                Default_Reset_Handler
                0x08000520                Reset_Handler
 .text.Default_Handler
                0x0800057c        0x8 ..\obj\startup_stm32f4xx.o
                0x0800057c                RTC_Alarm_IRQHandler
                0x0800057c                HASH_RNG_IRQHandler
                0x0800057c                EXTI2_IRQHandler
                0x0800057c                TIM8_CC_IRQHandler
                0x0800057c                DebugMon_Handler
                0x0800057c                TIM1_CC_IRQHandler
                0x0800057c                DMA2_Stream5_IRQHandler
                0x0800057c                HardFault_Handler
                0x0800057c                DMA1_Stream5_IRQHandler
                0x0800057c                SysTick_Handler
                0x0800057c                PVD_IRQHandler
                0x0800057c                SDIO_IRQHandler
                0x0800057c                TAMP_STAMP_IRQHandler
                0x0800057c                PendSV_Handler
                0x0800057c                NMI_Handler
                0x0800057c                CAN2_RX1_IRQHandler
                0x0800057c                EXTI3_IRQHandler
                0x0800057c                TIM8_TRG_COM_TIM14_IRQHandler
                0x0800057c                TIM1_UP_TIM10_IRQHandler
                0x0800057c                TIM8_UP_TIM13_IRQHandler
                0x0800057c                I2C3_ER_IRQHandler
                0x0800057c                EXTI0_IRQHandler
                0x0800057c                I2C2_EV_IRQHandler
                0x0800057c                DMA1_Stream2_IRQHandler
                0x0800057c                CAN1_RX0_IRQHandler
                0x0800057c                FPU_IRQHandler
                0x0800057c                OTG_HS_WKUP_IRQHandler
                0x0800057c                UsageFault_Handler
                0x0800057c                CAN2_SCE_IRQHandler
                0x0800057c                DMA2_Stream2_IRQHandler
                0x0800057c                SPI1_IRQHandler
                0x0800057c                TIM6_DAC_IRQHandler
                0x0800057c                TIM1_BRK_TIM9_IRQHandler
                0x0800057c                DCMI_IRQHandler
                0x0800057c                CAN2_RX0_IRQHandler
                0x0800057c                DMA2_Stream3_IRQHandler
                0x0800057c                USART6_IRQHandler
                0x0800057c                USART3_IRQHandler
                0x0800057c                CRYP_IRQHandler
                0x0800057c                CAN1_RX1_IRQHandler
                0x0800057c                UART5_IRQHandler
                0x0800057c                DMA2_Stream0_IRQHandler
                0x0800057c                TIM4_IRQHandler
                0x0800057c                I2C1_EV_IRQHandler
                0x0800057c                DMA1_Stream6_IRQHandler
                0x0800057c                DMA1_Stream1_IRQHandler
                0x0800057c                UART4_IRQHandler
                0x0800057c                TIM3_IRQHandler
                0x0800057c                RCC_IRQHandler
                0x0800057c                TIM8_BRK_TIM12_IRQHandler
                0x0800057c                EXTI15_10_IRQHandler
                0x0800057c                ADC_IRQHandler
                0x0800057c                DMA1_Stream7_IRQHandler
                0x0800057c                TIM7_IRQHandler
                0x0800057c                CAN2_TX_IRQHandler
                0x0800057c                TIM5_IRQHandler
                0x0800057c                DMA2_Stream7_IRQHandler
                0x0800057c                I2C3_EV_IRQHandler
                0x0800057c                EXTI9_5_IRQHandler
                0x0800057c                RTC_WKUP_IRQHandler
                0x0800057c                ETH_WKUP_IRQHandler
                0x0800057c                SPI2_IRQHandler
                0x0800057c                OTG_HS_EP1_IN_IRQHandler
                0x0800057c                MemManage_Handler
                0x0800057c                DMA1_Stream0_IRQHandler
                0x0800057c                CAN1_TX_IRQHandler
                0x0800057c                SVC_Handler
                0x0800057c                EXTI4_IRQHandler
                0x0800057c                FSMC_IRQHandler
                0x0800057c                ETH_IRQHandler
                0x0800057c                OTG_HS_EP1_OUT_IRQHandler
                0x0800057c                WWDG_IRQHandler
                0x0800057c                TIM2_IRQHandler
                0x0800057c                OTG_FS_WKUP_IRQHandler
                0x0800057c                TIM1_TRG_COM_TIM11_IRQHandler
                0x0800057c                OTG_HS_IRQHandler
                0x0800057c                EXTI1_IRQHandler
                0x0800057c                USART2_IRQHandler
                0x0800057c                I2C2_ER_IRQHandler
                0x0800057c                DMA2_Stream1_IRQHandler
                0x0800057c                CAN1_SCE_IRQHandler
                0x0800057c                FLASH_IRQHandler
                0x0800057c                DMA2_Stream4_IRQHandler
                0x0800057c                BusFault_Handler
                0x0800057c                USART1_IRQHandler
                0x0800057c                OTG_FS_IRQHandler
                0x0800057c                SPI3_IRQHandler
                0x0800057c                DMA1_Stream4_IRQHandler
                0x0800057c                I2C1_ER_IRQHandler
                0x0800057c                DMA2_Stream6_IRQHandler
                0x0800057c                DMA1_Stream3_IRQHandler
 .text.main     0x08000584       0x18 ..\obj\main.o
                0x08000584                main
 .text.RCC_GetClocksFreq
                0x0800059c      0x154 ..\obj\stm32f4xx_rcc.o
                0x0800059c                RCC_GetClocksFreq
 .text.RCC_AHB1PeriphClockCmd
                0x080006f0       0x3c ..\obj\stm32f4xx_rcc.o
                0x080006f0                RCC_AHB1PeriphClockCmd
 .text.RCC_APB1PeriphClockCmd
                0x0800072c       0x3c ..\obj\stm32f4xx_rcc.o
                0x0800072c                RCC_APB1PeriphClockCmd
 .text.GPIO_Init
                0x08000768      0x11c ..\obj\stm32f4xx_gpio.o
                0x08000768                GPIO_Init
 .text.GPIO_PinAFConfig
                0x08000884       0x8c ..\obj\stm32f4xx_gpio.o
                0x08000884                GPIO_PinAFConfig
 *(.init)
 *(.fini)
 *crtbegin.o(.ctors)
 *crtbegin?.o(.ctors)
 *(EXCLUDE_FILE(*crtend.o *crtend?.o) .ctors)
 *(SORT(.ctors.*))
 *(.ctors)
 *crtbegin.o(.dtors)
 *crtbegin?.o(.dtors)
 *(EXCLUDE_FILE(*crtend.o *crtend?.o) .dtors)
 *(SORT(.dtors.*))
 *(.dtors)
 *(.rodata*)
 .rodata        0x08000910        0x8 ..\obj\main.o
 *(.eh_fram e*)

.glue_7         0x08000918        0x0
 .glue_7        0x00000000        0x0 linker stubs

.glue_7t        0x08000918        0x0
 .glue_7t       0x00000000        0x0 linker stubs

.vfp11_veneer   0x08000918        0x0
 .vfp11_veneer  0x00000000        0x0 linker stubs

.v4_bx          0x08000918        0x0
 .v4_bx         0x00000000        0x0 linker stubs

.iplt           0x08000918        0x0
 .iplt          0x00000000        0x0 ..\obj\AppFront.o

.rel.dyn        0x08000918        0x0
 .rel.iplt      0x00000000        0x0 ..\obj\AppFront.o

.ARM.extab
 *(.ARM.extab* .gnu.linkonce.armextab.*)
                0x08000918                __exidx_start = .

.ARM.exidx
 *(.ARM.exidx* .gnu.linkonce.armexidx.*)
                0x08000918                __exidx_end = .
                0x08000918                __etext = .
                0x08000918                _sidata = __etext

.data           0x20000000       0x10 load address 0x08000918
                0x20000000                __data_start__ = .
                0x20000000                _sdata = __data_start__
 *(vtable)
 *(.data*)
 .data          0x20000000       0x10 ..\obj\stm32f4xx_rcc.o
                0x20000010                . = ALIGN (0x4)
                0x20000010                PROVIDE (__preinit_array_start, .)
 *(.preinit_array)
                0x20000010                PROVIDE (__preinit_array_end, .)
                0x20000010                . = ALIGN (0x4)
                0x20000010                PROVIDE (__init_array_start, .)
 *(SORT(.init_array.*))
 *(.init_array)
                0x20000010                PROVIDE (__init_array_end, .)
                0x20000010                . = ALIGN (0x4)
                0x20000010                PROVIDE (__fini_array_start, .)
 *(SORT(.fini_array.*))
 *(.fini_array)
                0x20000010                PROVIDE (__fini_array_end, .)
 *(.jcr*)
                0x20000010                . = ALIGN (0x4)
                0x20000010                __data_end__ = .
                0x20000010                _edata = __data_end__

.igot.plt       0x20000010        0x0 load address 0x08000928
 .igot.plt      0x00000000        0x0 ..\obj\AppFront.o

.bss            0x20000010        0x0
                0x20000010                . = ALIGN (0x4)
                0x20000010                __bss_start__ = .
                0x20000010                _sbss = __bss_start__
 *(.bss*)
 *(COMMON)
                0x20000010                . = ALIGN (0x4)
                0x20000010                __bss_end__ = .
                0x20000010                _ebss = __bss_end__

.heap           0x20000010        0x0
                0x20000010                __end__ = .
                0x20000010                _end = __end__
                0x20000010                end = __end__
 *(.heap*)
                0x20000010                __HeapLimit = .

.co_stack       0x20000010      0x800 load address 0x08000928
                0x20000010                . = ALIGN (0x8)
 *(.co_stack .co_stack.*)
 .co_stack      0x20000010      0x800 ..\obj\startup_stm32f4xx.o
                0x20000010                pulStack
                0x20020000                __StackTop = (ORIGIN (ram) + 0x20000)
                0x2001f800                __StackLimit = (__StackTop - SIZEOF (.co_stack))
                0x20020000                PROVIDE (__stack, __StackTop)
                0x00000001                ASSERT ((__StackLimit >= __HeapLimit), region ram  overflowed with stack)
LOAD ..\obj\AppFront.o
LOAD ..\obj\Uart.o
LOAD ..\obj\stm32f4xx_usart.o
LOAD ..\obj\startup_stm32f4xx.o
LOAD ..\obj\main.o
LOAD ..\obj\stm32f4xx_rcc.o
LOAD ..\obj\printf.o
LOAD ..\obj\stm32f4xx_gpio.o
LOAD ..\obj\system_stm32f4xx.o
LOAD ..\obj\syscalls.o
START GROUP
LOAD c:/program files (x86)/gnu tools arm embedded/4.8 2013q4/bin/../lib/gcc/arm-none-eabi/4.8.3/armv7e-m\libgcc.a
LOAD c:/program files (x86)/gnu tools arm embedded/4.8 2013q4/bin/../lib/gcc/arm-none-eabi/4.8.3/../../../../arm-none-eabi/lib/armv7e-m\libg.a
LOAD c:/program files (x86)/gnu tools arm embedded/4.8 2013q4/bin/../lib/gcc/arm-none-eabi/4.8.3/../../../../arm-none-eabi/lib/armv7e-m\libc.a
END GROUP
OUTPUT(TEAM3API.elf elf32-littlearm)

.debug_info     0x00000000     0x21b5
 .debug_info    0x00000000      0x49b ..\obj\Uart.o
 .debug_info    0x0000049b      0x996 ..\obj\stm32f4xx_usart.o
 .debug_info    0x00000e31       0xed ..\obj\startup_stm32f4xx.o
 .debug_info    0x00000f1e       0xa0 ..\obj\main.o
 .debug_info    0x00000fbe      0xc21 ..\obj\stm32f4xx_rcc.o
 .debug_info    0x00001bdf      0x5d6 ..\obj\stm32f4xx_gpio.o

.debug_abbrev   0x00000000      0x74a
 .debug_abbrev  0x00000000      0x158 ..\obj\Uart.o
 .debug_abbrev  0x00000158      0x155 ..\obj\stm32f4xx_usart.o
 .debug_abbrev  0x000002ad       0xb0 ..\obj\startup_stm32f4xx.o
 .debug_abbrev  0x0000035d       0x67 ..\obj\main.o
 .debug_abbrev  0x000003c4      0x1e3 ..\obj\stm32f4xx_rcc.o
 .debug_abbrev  0x000005a7      0x1a3 ..\obj\stm32f4xx_gpio.o

.debug_aranges  0x00000000      0x388
 .debug_aranges
                0x00000000       0x40 ..\obj\Uart.o
 .debug_aranges
                0x00000040      0x100 ..\obj\stm32f4xx_usart.o
 .debug_aranges
                0x00000140       0x28 ..\obj\startup_stm32f4xx.o
 .debug_aranges
                0x00000168       0x20 ..\obj\main.o
 .debug_aranges
                0x00000188      0x178 ..\obj\stm32f4xx_rcc.o
 .debug_aranges
                0x00000300       0x88 ..\obj\stm32f4xx_gpio.o

.debug_ranges   0x00000000      0x328
 .debug_ranges  0x00000000       0x30 ..\obj\Uart.o
 .debug_ranges  0x00000030       0xf0 ..\obj\stm32f4xx_usart.o
 .debug_ranges  0x00000120       0x18 ..\obj\startup_stm32f4xx.o
 .debug_ranges  0x00000138       0x10 ..\obj\main.o
 .debug_ranges  0x00000148      0x168 ..\obj\stm32f4xx_rcc.o
 .debug_ranges  0x000002b0       0x78 ..\obj\stm32f4xx_gpio.o

.debug_line     0x00000000      0xfcb
 .debug_line    0x00000000      0x214 ..\obj\Uart.o
 .debug_line    0x00000214      0x432 ..\obj\stm32f4xx_usart.o
 .debug_line    0x00000646       0x9c ..\obj\startup_stm32f4xx.o
 .debug_line    0x000006e2       0xf0 ..\obj\main.o
 .debug_line    0x000007d2      0x52a ..\obj\stm32f4xx_rcc.o
 .debug_line    0x00000cfc      0x2cf ..\obj\stm32f4xx_gpio.o

.debug_str      0x00000000     0x1064
 .debug_str     0x00000000      0x3e6 ..\obj\Uart.o
                                0x42d (size before relaxing)
 .debug_str     0x000003e6      0x428 ..\obj\stm32f4xx_usart.o
                                0x660 (size before relaxing)
 .debug_str     0x0000080e       0xab ..\obj\startup_stm32f4xx.o
                                0x142 (size before relaxing)
 .debug_str     0x000008b9       0x2f ..\obj\main.o
                                0x14d (size before relaxing)
 .debug_str     0x000008e8      0x5de ..\obj\stm32f4xx_rcc.o
                                0x821 (size before relaxing)
 .debug_str     0x00000ec6      0x19e ..\obj\stm32f4xx_gpio.o
                                0x474 (size before relaxing)

.comment        0x00000000       0x70
 .comment       0x00000000       0x70 ..\obj\Uart.o
                                 0x71 (size before relaxing)
 .comment       0x00000000       0x71 ..\obj\stm32f4xx_usart.o
 .comment       0x00000000       0x71 ..\obj\startup_stm32f4xx.o
 .comment       0x00000000       0x71 ..\obj\main.o
 .comment       0x00000000       0x71 ..\obj\stm32f4xx_rcc.o
 .comment       0x00000000       0x71 ..\obj\stm32f4xx_gpio.o

.ARM.attributes
                0x00000000       0x33
 .ARM.attributes
                0x00000000       0x33 ..\obj\Uart.o
 .ARM.attributes
                0x00000033       0x33 ..\obj\stm32f4xx_usart.o
 .ARM.attributes
                0x00000066       0x33 ..\obj\startup_stm32f4xx.o
 .ARM.attributes
                0x00000099       0x33 ..\obj\main.o
 .ARM.attributes
                0x000000cc       0x33 ..\obj\stm32f4xx_rcc.o
 .ARM.attributes
                0x000000ff       0x33 ..\obj\stm32f4xx_gpio.o

.debug_frame    0x00000000      0xadc
 .debug_frame   0x00000000       0xb0 ..\obj\Uart.o
 .debug_frame   0x000000b0      0x344 ..\obj\stm32f4xx_usart.o
 .debug_frame   0x000003f4       0x48 ..\obj\startup_stm32f4xx.o
 .debug_frame   0x0000043c       0x2c ..\obj\main.o
 .debug_frame   0x00000468      0x4d8 ..\obj\stm32f4xx_rcc.o
 .debug_frame   0x00000940      0x19c ..\obj\stm32f4xx_gpio.o
