Archive member included to satisfy reference by file (symbol)

c:/program files (x86)/gnu tools arm embedded/7 2017-q4-major/bin/../lib/gcc/arm-none-eabi/7.2.1/../../../../arm-none-eabi/lib/thumb/v7e-m\libg.a(lib_a-atoi.o)
                              ..\obj\AppLogic.o (atoi)
c:/program files (x86)/gnu tools arm embedded/7 2017-q4-major/bin/../lib/gcc/arm-none-eabi/7.2.1/../../../../arm-none-eabi/lib/thumb/v7e-m\libg.a(lib_a-strpbrk.o)
                              ..\obj\AppLogic.o (strpbrk)
c:/program files (x86)/gnu tools arm embedded/7 2017-q4-major/bin/../lib/gcc/arm-none-eabi/7.2.1/../../../../arm-none-eabi/lib/thumb/v7e-m\libg.a(lib_a-strtok.o)
                              ..\obj\AppLogic.o (strtok)
c:/program files (x86)/gnu tools arm embedded/7 2017-q4-major/bin/../lib/gcc/arm-none-eabi/7.2.1/../../../../arm-none-eabi/lib/thumb/v7e-m\libg.a(lib_a-strtok_r.o)
                              c:/program files (x86)/gnu tools arm embedded/7 2017-q4-major/bin/../lib/gcc/arm-none-eabi/7.2.1/../../../../arm-none-eabi/lib/thumb/v7e-m\libg.a(lib_a-strtok.o) (__strtok_r)
c:/program files (x86)/gnu tools arm embedded/7 2017-q4-major/bin/../lib/gcc/arm-none-eabi/7.2.1/../../../../arm-none-eabi/lib/thumb/v7e-m\libg.a(lib_a-strtol.o)
                              c:/program files (x86)/gnu tools arm embedded/7 2017-q4-major/bin/../lib/gcc/arm-none-eabi/7.2.1/../../../../arm-none-eabi/lib/thumb/v7e-m\libg.a(lib_a-atoi.o) (_strtol_r)
c:/program files (x86)/gnu tools arm embedded/7 2017-q4-major/bin/../lib/gcc/arm-none-eabi/7.2.1/../../../../arm-none-eabi/lib/thumb/v7e-m\libg.a(lib_a-locale.o)
                              c:/program files (x86)/gnu tools arm embedded/7 2017-q4-major/bin/../lib/gcc/arm-none-eabi/7.2.1/../../../../arm-none-eabi/lib/thumb/v7e-m\libg.a(lib_a-strtol.o) (__locale_ctype_ptr_l)
c:/program files (x86)/gnu tools arm embedded/7 2017-q4-major/bin/../lib/gcc/arm-none-eabi/7.2.1/../../../../arm-none-eabi/lib/thumb/v7e-m\libg.a(lib_a-mbtowc_r.o)
                              c:/program files (x86)/gnu tools arm embedded/7 2017-q4-major/bin/../lib/gcc/arm-none-eabi/7.2.1/../../../../arm-none-eabi/lib/thumb/v7e-m\libg.a(lib_a-locale.o) (__ascii_mbtowc)
c:/program files (x86)/gnu tools arm embedded/7 2017-q4-major/bin/../lib/gcc/arm-none-eabi/7.2.1/../../../../arm-none-eabi/lib/thumb/v7e-m\libg.a(lib_a-strcmp.o)
                              c:/program files (x86)/gnu tools arm embedded/7 2017-q4-major/bin/../lib/gcc/arm-none-eabi/7.2.1/../../../../arm-none-eabi/lib/thumb/v7e-m\libg.a(lib_a-locale.o) (strcmp)
c:/program files (x86)/gnu tools arm embedded/7 2017-q4-major/bin/../lib/gcc/arm-none-eabi/7.2.1/../../../../arm-none-eabi/lib/thumb/v7e-m\libg.a(lib_a-wctomb_r.o)
                              c:/program files (x86)/gnu tools arm embedded/7 2017-q4-major/bin/../lib/gcc/arm-none-eabi/7.2.1/../../../../arm-none-eabi/lib/thumb/v7e-m\libg.a(lib_a-locale.o) (__ascii_wctomb)
c:/program files (x86)/gnu tools arm embedded/7 2017-q4-major/bin/../lib/gcc/arm-none-eabi/7.2.1/../../../../arm-none-eabi/lib/thumb/v7e-m\libg.a(lib_a-ctype_.o)
                              c:/program files (x86)/gnu tools arm embedded/7 2017-q4-major/bin/../lib/gcc/arm-none-eabi/7.2.1/../../../../arm-none-eabi/lib/thumb/v7e-m\libg.a(lib_a-locale.o) (_ctype_)

Allocating common symbols
Common symbol       size              file

error               0x4               ..\obj\main.o
object_name         0x4               ..\obj\main.o

Discarded input sections

 .text          0x00000000        0x0 ..\obj\AppFront.o
 .data          0x00000000        0x0 ..\obj\AppFront.o
 .bss           0x00000000        0x0 ..\obj\AppFront.o
 .text.ErrorCodeHandler
                0x00000000       0x14 ..\obj\AppFront.o
 .debug_info    0x00000000       0x6c ..\obj\AppFront.o
 .debug_abbrev  0x00000000       0x5c ..\obj\AppFront.o
 .debug_aranges
                0x00000000       0x20 ..\obj\AppFront.o
 .debug_ranges  0x00000000       0x10 ..\obj\AppFront.o
 .debug_line    0x00000000       0x5e ..\obj\AppFront.o
 .debug_str     0x00000000      0x106 ..\obj\AppFront.o
 .comment       0x00000000       0x7f ..\obj\AppFront.o
 .debug_frame   0x00000000       0x38 ..\obj\AppFront.o
 .ARM.attributes
                0x00000000       0x33 ..\obj\AppFront.o
 .text          0x00000000        0x0 ..\obj\Uart.o
 .data          0x00000000        0x0 ..\obj\Uart.o
 .bss           0x00000000        0x0 ..\obj\Uart.o
 .text.UartGet  0x00000000       0x38 ..\obj\Uart.o
 .text.UartGets
                0x00000000       0x58 ..\obj\Uart.o
 .text          0x00000000        0x0 ..\obj\AppLogic.o
 .data          0x00000000        0x0 ..\obj\AppLogic.o
 .bss           0x00000000        0x0 ..\obj\AppLogic.o
 .text          0x00000000        0x0 ..\obj\stm32f4xx_usart.o
 .data          0x00000000        0x0 ..\obj\stm32f4xx_usart.o
 .bss           0x00000000        0x0 ..\obj\stm32f4xx_usart.o
 .text.USART_DeInit
                0x00000000       0xd4 ..\obj\stm32f4xx_usart.o
 .text.USART_StructInit
                0x00000000       0x38 ..\obj\stm32f4xx_usart.o
 .text.USART_ClockInit
                0x00000000       0x54 ..\obj\stm32f4xx_usart.o
 .text.USART_ClockStructInit
                0x00000000       0x2a ..\obj\stm32f4xx_usart.o
 .text.USART_SetPrescaler
                0x00000000       0x38 ..\obj\stm32f4xx_usart.o
 .text.USART_OverSampling8Cmd
                0x00000000       0x42 ..\obj\stm32f4xx_usart.o
 .text.USART_OneBitMethodCmd
                0x00000000       0x3e ..\obj\stm32f4xx_usart.o
 .text.USART_ReceiveData
                0x00000000       0x1e ..\obj\stm32f4xx_usart.o
 .text.USART_SetAddress
                0x00000000       0x38 ..\obj\stm32f4xx_usart.o
 .text.USART_ReceiverWakeUpCmd
                0x00000000       0x3e ..\obj\stm32f4xx_usart.o
 .text.USART_WakeUpConfig
                0x00000000       0x36 ..\obj\stm32f4xx_usart.o
 .text.USART_LINBreakDetectLengthConfig
                0x00000000       0x36 ..\obj\stm32f4xx_usart.o
 .text.USART_LINCmd
                0x00000000       0x3e ..\obj\stm32f4xx_usart.o
 .text.USART_SendBreak
                0x00000000       0x22 ..\obj\stm32f4xx_usart.o
 .text.USART_HalfDuplexCmd
                0x00000000       0x3e ..\obj\stm32f4xx_usart.o
 .text.USART_SetGuardTime
                0x00000000       0x3a ..\obj\stm32f4xx_usart.o
 .text.USART_SmartCardCmd
                0x00000000       0x3e ..\obj\stm32f4xx_usart.o
 .text.USART_SmartCardNACKCmd
                0x00000000       0x3e ..\obj\stm32f4xx_usart.o
 .text.USART_IrDAConfig
                0x00000000       0x36 ..\obj\stm32f4xx_usart.o
 .text.USART_IrDACmd
                0x00000000       0x3e ..\obj\stm32f4xx_usart.o
 .text.USART_DMACmd
                0x00000000       0x46 ..\obj\stm32f4xx_usart.o
 .text.USART_ClearFlag
                0x00000000       0x20 ..\obj\stm32f4xx_usart.o
 .text.USART_GetITStatus
                0x00000000       0xb4 ..\obj\stm32f4xx_usart.o
 .text.USART_ClearITPendingBit
                0x00000000       0x38 ..\obj\stm32f4xx_usart.o
 .text          0x00000000        0x0 ..\obj\startup_stm32f4xx.o
 .data          0x00000000        0x0 ..\obj\startup_stm32f4xx.o
 .bss           0x00000000        0x0 ..\obj\startup_stm32f4xx.o
 .text          0x00000000        0x0 ..\obj\main.o
 .data          0x00000000        0x0 ..\obj\main.o
 .bss           0x00000000        0x0 ..\obj\main.o
 .text          0x00000000        0x0 ..\obj\stm32f4xx_rcc.o
 .bss           0x00000000        0x0 ..\obj\stm32f4xx_rcc.o
 .text.RCC_DeInit
                0x00000000       0x50 ..\obj\stm32f4xx_rcc.o
 .text.RCC_HSEConfig
                0x00000000       0x24 ..\obj\stm32f4xx_rcc.o
 .text.RCC_WaitForHSEStartUp
                0x00000000       0x50 ..\obj\stm32f4xx_rcc.o
 .text.RCC_AdjustHSICalibrationValue
                0x00000000       0x3c ..\obj\stm32f4xx_rcc.o
 .text.RCC_HSICmd
                0x00000000       0x20 ..\obj\stm32f4xx_rcc.o
 .text.RCC_LSEConfig
                0x00000000       0x40 ..\obj\stm32f4xx_rcc.o
 .text.RCC_LSICmd
                0x00000000       0x20 ..\obj\stm32f4xx_rcc.o
 .text.RCC_PLLConfig
                0x00000000       0x3c ..\obj\stm32f4xx_rcc.o
 .text.RCC_PLLCmd
                0x00000000       0x20 ..\obj\stm32f4xx_rcc.o
 .text.RCC_PLLI2SConfig
                0x00000000       0x28 ..\obj\stm32f4xx_rcc.o
 .text.RCC_PLLI2SCmd
                0x00000000       0x20 ..\obj\stm32f4xx_rcc.o
 .text.RCC_ClockSecuritySystemCmd
                0x00000000       0x20 ..\obj\stm32f4xx_rcc.o
 .text.RCC_MCO1Config
                0x00000000       0x3c ..\obj\stm32f4xx_rcc.o
 .text.RCC_MCO2Config
                0x00000000       0x3c ..\obj\stm32f4xx_rcc.o
 .text.RCC_SYSCLKConfig
                0x00000000       0x38 ..\obj\stm32f4xx_rcc.o
 .text.RCC_GetSYSCLKSource
                0x00000000       0x1c ..\obj\stm32f4xx_rcc.o
 .text.RCC_HCLKConfig
                0x00000000       0x38 ..\obj\stm32f4xx_rcc.o
 .text.RCC_PCLK1Config
                0x00000000       0x38 ..\obj\stm32f4xx_rcc.o
 .text.RCC_PCLK2Config
                0x00000000       0x38 ..\obj\stm32f4xx_rcc.o
 .text.RCC_RTCCLKConfig
                0x00000000       0x5c ..\obj\stm32f4xx_rcc.o
 .text.RCC_RTCCLKCmd
                0x00000000       0x20 ..\obj\stm32f4xx_rcc.o
 .text.RCC_BackupResetCmd
                0x00000000       0x20 ..\obj\stm32f4xx_rcc.o
 .text.RCC_I2SCLKConfig
                0x00000000       0x1c ..\obj\stm32f4xx_rcc.o
 .text.RCC_AHB2PeriphClockCmd
                0x00000000       0x3c ..\obj\stm32f4xx_rcc.o
 .text.RCC_AHB3PeriphClockCmd
                0x00000000       0x3c ..\obj\stm32f4xx_rcc.o
 .text.RCC_APB2PeriphClockCmd
                0x00000000       0x3c ..\obj\stm32f4xx_rcc.o
 .text.RCC_AHB1PeriphResetCmd
                0x00000000       0x3c ..\obj\stm32f4xx_rcc.o
 .text.RCC_AHB2PeriphResetCmd
                0x00000000       0x3c ..\obj\stm32f4xx_rcc.o
 .text.RCC_AHB3PeriphResetCmd
                0x00000000       0x3c ..\obj\stm32f4xx_rcc.o
 .text.RCC_APB1PeriphResetCmd
                0x00000000       0x3c ..\obj\stm32f4xx_rcc.o
 .text.RCC_APB2PeriphResetCmd
                0x00000000       0x3c ..\obj\stm32f4xx_rcc.o
 .text.RCC_AHB1PeriphClockLPModeCmd
                0x00000000       0x3c ..\obj\stm32f4xx_rcc.o
 .text.RCC_AHB2PeriphClockLPModeCmd
                0x00000000       0x3c ..\obj\stm32f4xx_rcc.o
 .text.RCC_AHB3PeriphClockLPModeCmd
                0x00000000       0x3c ..\obj\stm32f4xx_rcc.o
 .text.RCC_APB1PeriphClockLPModeCmd
                0x00000000       0x3c ..\obj\stm32f4xx_rcc.o
 .text.RCC_APB2PeriphClockLPModeCmd
                0x00000000       0x3c ..\obj\stm32f4xx_rcc.o
 .text.RCC_ITConfig
                0x00000000       0x4c ..\obj\stm32f4xx_rcc.o
 .text.RCC_GetFlagStatus
                0x00000000       0x74 ..\obj\stm32f4xx_rcc.o
 .text.RCC_ClearFlag
                0x00000000       0x1c ..\obj\stm32f4xx_rcc.o
 .text.RCC_GetITStatus
                0x00000000       0x34 ..\obj\stm32f4xx_rcc.o
 .text.RCC_ClearITPendingBit
                0x00000000       0x20 ..\obj\stm32f4xx_rcc.o
 .text          0x00000000        0x0 ..\obj\printf.o
 .bss           0x00000000        0x0 ..\obj\printf.o
 .text.PrintChar
                0x00000000       0x14 ..\obj\printf.o
 .text.PutChar  0x00000000       0x1e ..\obj\printf.o
 .text.PutString
                0x00000000       0x3a ..\obj\printf.o
 .text.PutUnsignedInt
                0x00000000       0x9c ..\obj\printf.o
 .text.PutSignedInt
                0x00000000       0xf8 ..\obj\printf.o
 .text.PutHexa  0x00000000       0xd4 ..\obj\printf.o
 .text.vsnprintf
                0x00000000      0x254 ..\obj\printf.o
 .text.snprintf
                0x00000000       0x30 ..\obj\printf.o
 .text.vsprintf
                0x00000000       0x22 ..\obj\printf.o
 .rodata        0x00000000       0x24 ..\obj\printf.o
 .text.vfprintf
                0x00000000       0x68 ..\obj\printf.o
 .text.vprintf  0x00000000       0x28 ..\obj\printf.o
 .text.fprintf  0x00000000       0x2c ..\obj\printf.o
 .text.printf   0x00000000       0x28 ..\obj\printf.o
 .text.sprintf  0x00000000       0x2c ..\obj\printf.o
 .text.puts     0x00000000       0x24 ..\obj\printf.o
 .text.fputc    0x00000000       0x40 ..\obj\printf.o
 .text.fputs    0x00000000       0x48 ..\obj\printf.o
 .text          0x00000000        0x0 ..\obj\stm32f4xx_gpio.o
 .data          0x00000000        0x0 ..\obj\stm32f4xx_gpio.o
 .bss           0x00000000        0x0 ..\obj\stm32f4xx_gpio.o
 .text.GPIO_DeInit
                0x00000000      0x120 ..\obj\stm32f4xx_gpio.o
 .text.GPIO_StructInit
                0x00000000       0x32 ..\obj\stm32f4xx_gpio.o
 .text.GPIO_PinLockConfig
                0x00000000       0x42 ..\obj\stm32f4xx_gpio.o
 .text.GPIO_ReadInputDataBit
                0x00000000       0x32 ..\obj\stm32f4xx_gpio.o
 .text.GPIO_ReadInputData
                0x00000000       0x18 ..\obj\stm32f4xx_gpio.o
 .text.GPIO_ReadOutputDataBit
                0x00000000       0x32 ..\obj\stm32f4xx_gpio.o
 .text.GPIO_ReadOutputData
                0x00000000       0x18 ..\obj\stm32f4xx_gpio.o
 .text.GPIO_SetBits
                0x00000000       0x1c ..\obj\stm32f4xx_gpio.o
 .text.GPIO_ResetBits
                0x00000000       0x1c ..\obj\stm32f4xx_gpio.o
 .text.GPIO_WriteBit
                0x00000000       0x2e ..\obj\stm32f4xx_gpio.o
 .text.GPIO_Write
                0x00000000       0x1c ..\obj\stm32f4xx_gpio.o
 .text.GPIO_ToggleBits
                0x00000000       0x22 ..\obj\stm32f4xx_gpio.o
 .text          0x00000000        0x0 ..\obj\system_stm32f4xx.o
 .data          0x00000000       0x14 ..\obj\system_stm32f4xx.o
 .bss           0x00000000        0x0 ..\obj\system_stm32f4xx.o
 .text.SystemInit
                0x00000000       0x5c ..\obj\system_stm32f4xx.o
 .text.SystemCoreClockUpdate
                0x00000000       0xf4 ..\obj\system_stm32f4xx.o
 .text.SetSysClock
                0x00000000       0xf4 ..\obj\system_stm32f4xx.o
 .debug_info    0x00000000      0x5ca ..\obj\system_stm32f4xx.o
 .debug_abbrev  0x00000000      0x15a ..\obj\system_stm32f4xx.o
 .debug_aranges
                0x00000000       0x30 ..\obj\system_stm32f4xx.o
 .debug_ranges  0x00000000       0x20 ..\obj\system_stm32f4xx.o
 .debug_line    0x00000000      0x218 ..\obj\system_stm32f4xx.o
 .debug_str     0x00000000      0x3d2 ..\obj\system_stm32f4xx.o
 .comment       0x00000000       0x7f ..\obj\system_stm32f4xx.o
 .debug_frame   0x00000000       0x7c ..\obj\system_stm32f4xx.o
 .ARM.attributes
                0x00000000       0x33 ..\obj\system_stm32f4xx.o
 .text          0x00000000        0x0 ..\obj\syscalls.o
 .data          0x00000000        0x0 ..\obj\syscalls.o
 .bss           0x00000000        0x4 ..\obj\syscalls.o
 .text._sbrk    0x00000000       0x3c ..\obj\syscalls.o
 .text.link     0x00000000       0x18 ..\obj\syscalls.o
 .text._close   0x00000000       0x16 ..\obj\syscalls.o
 .text._fstat   0x00000000       0x1e ..\obj\syscalls.o
 .text._isatty  0x00000000       0x14 ..\obj\syscalls.o
 .text._lseek   0x00000000       0x18 ..\obj\syscalls.o
 .text._read    0x00000000       0x18 ..\obj\syscalls.o
 .text._write   0x00000000       0x18 ..\obj\syscalls.o
 .text.abort    0x00000000        0x6 ..\obj\syscalls.o
 .debug_info    0x00000000      0xc98 ..\obj\syscalls.o
 .debug_abbrev  0x00000000      0x20d ..\obj\syscalls.o
 .debug_aranges
                0x00000000       0x60 ..\obj\syscalls.o
 .debug_ranges  0x00000000       0x50 ..\obj\syscalls.o
 .debug_line    0x00000000      0x2d7 ..\obj\syscalls.o
 .debug_str     0x00000000      0x717 ..\obj\syscalls.o
 .comment       0x00000000       0x7f ..\obj\syscalls.o
 .debug_frame   0x00000000      0x168 ..\obj\syscalls.o
 .ARM.attributes
                0x00000000       0x33 ..\obj\syscalls.o
 .text          0x00000000        0x0 c:/program files (x86)/gnu tools arm embedded/7 2017-q4-major/bin/../lib/gcc/arm-none-eabi/7.2.1/../../../../arm-none-eabi/lib/thumb/v7e-m\libg.a(lib_a-atoi.o)
 .data          0x00000000        0x0 c:/program files (x86)/gnu tools arm embedded/7 2017-q4-major/bin/../lib/gcc/arm-none-eabi/7.2.1/../../../../arm-none-eabi/lib/thumb/v7e-m\libg.a(lib_a-atoi.o)
 .bss           0x00000000        0x0 c:/program files (x86)/gnu tools arm embedded/7 2017-q4-major/bin/../lib/gcc/arm-none-eabi/7.2.1/../../../../arm-none-eabi/lib/thumb/v7e-m\libg.a(lib_a-atoi.o)
 .text._atoi_r  0x00000000        0x8 c:/program files (x86)/gnu tools arm embedded/7 2017-q4-major/bin/../lib/gcc/arm-none-eabi/7.2.1/../../../../arm-none-eabi/lib/thumb/v7e-m\libg.a(lib_a-atoi.o)
 .text          0x00000000        0x0 c:/program files (x86)/gnu tools arm embedded/7 2017-q4-major/bin/../lib/gcc/arm-none-eabi/7.2.1/../../../../arm-none-eabi/lib/thumb/v7e-m\libg.a(lib_a-strpbrk.o)
 .data          0x00000000        0x0 c:/program files (x86)/gnu tools arm embedded/7 2017-q4-major/bin/../lib/gcc/arm-none-eabi/7.2.1/../../../../arm-none-eabi/lib/thumb/v7e-m\libg.a(lib_a-strpbrk.o)
 .bss           0x00000000        0x0 c:/program files (x86)/gnu tools arm embedded/7 2017-q4-major/bin/../lib/gcc/arm-none-eabi/7.2.1/../../../../arm-none-eabi/lib/thumb/v7e-m\libg.a(lib_a-strpbrk.o)
 .text          0x00000000        0x0 c:/program files (x86)/gnu tools arm embedded/7 2017-q4-major/bin/../lib/gcc/arm-none-eabi/7.2.1/../../../../arm-none-eabi/lib/thumb/v7e-m\libg.a(lib_a-strtok.o)
 .data          0x00000000        0x0 c:/program files (x86)/gnu tools arm embedded/7 2017-q4-major/bin/../lib/gcc/arm-none-eabi/7.2.1/../../../../arm-none-eabi/lib/thumb/v7e-m\libg.a(lib_a-strtok.o)
 .bss           0x00000000        0x0 c:/program files (x86)/gnu tools arm embedded/7 2017-q4-major/bin/../lib/gcc/arm-none-eabi/7.2.1/../../../../arm-none-eabi/lib/thumb/v7e-m\libg.a(lib_a-strtok.o)
 .text          0x00000000        0x0 c:/program files (x86)/gnu tools arm embedded/7 2017-q4-major/bin/../lib/gcc/arm-none-eabi/7.2.1/../../../../arm-none-eabi/lib/thumb/v7e-m\libg.a(lib_a-strtok_r.o)
 .data          0x00000000        0x0 c:/program files (x86)/gnu tools arm embedded/7 2017-q4-major/bin/../lib/gcc/arm-none-eabi/7.2.1/../../../../arm-none-eabi/lib/thumb/v7e-m\libg.a(lib_a-strtok_r.o)
 .bss           0x00000000        0x0 c:/program files (x86)/gnu tools arm embedded/7 2017-q4-major/bin/../lib/gcc/arm-none-eabi/7.2.1/../../../../arm-none-eabi/lib/thumb/v7e-m\libg.a(lib_a-strtok_r.o)
 .text.strtok_r
                0x00000000        0x8 c:/program files (x86)/gnu tools arm embedded/7 2017-q4-major/bin/../lib/gcc/arm-none-eabi/7.2.1/../../../../arm-none-eabi/lib/thumb/v7e-m\libg.a(lib_a-strtok_r.o)
 .text          0x00000000        0x0 c:/program files (x86)/gnu tools arm embedded/7 2017-q4-major/bin/../lib/gcc/arm-none-eabi/7.2.1/../../../../arm-none-eabi/lib/thumb/v7e-m\libg.a(lib_a-strtol.o)
 .data          0x00000000        0x0 c:/program files (x86)/gnu tools arm embedded/7 2017-q4-major/bin/../lib/gcc/arm-none-eabi/7.2.1/../../../../arm-none-eabi/lib/thumb/v7e-m\libg.a(lib_a-strtol.o)
 .bss           0x00000000        0x0 c:/program files (x86)/gnu tools arm embedded/7 2017-q4-major/bin/../lib/gcc/arm-none-eabi/7.2.1/../../../../arm-none-eabi/lib/thumb/v7e-m\libg.a(lib_a-strtol.o)
 .text._strtol_r
                0x00000000       0x24 c:/program files (x86)/gnu tools arm embedded/7 2017-q4-major/bin/../lib/gcc/arm-none-eabi/7.2.1/../../../../arm-none-eabi/lib/thumb/v7e-m\libg.a(lib_a-strtol.o)
 .text.strtol_l
                0x00000000       0x20 c:/program files (x86)/gnu tools arm embedded/7 2017-q4-major/bin/../lib/gcc/arm-none-eabi/7.2.1/../../../../arm-none-eabi/lib/thumb/v7e-m\libg.a(lib_a-strtol.o)
 .text          0x00000000        0x0 c:/program files (x86)/gnu tools arm embedded/7 2017-q4-major/bin/../lib/gcc/arm-none-eabi/7.2.1/../../../../arm-none-eabi/lib/thumb/v7e-m\libg.a(lib_a-locale.o)
 .data          0x00000000        0x0 c:/program files (x86)/gnu tools arm embedded/7 2017-q4-major/bin/../lib/gcc/arm-none-eabi/7.2.1/../../../../arm-none-eabi/lib/thumb/v7e-m\libg.a(lib_a-locale.o)
 .bss           0x00000000        0x0 c:/program files (x86)/gnu tools arm embedded/7 2017-q4-major/bin/../lib/gcc/arm-none-eabi/7.2.1/../../../../arm-none-eabi/lib/thumb/v7e-m\libg.a(lib_a-locale.o)
 .text._setlocale_r
                0x00000000       0x40 c:/program files (x86)/gnu tools arm embedded/7 2017-q4-major/bin/../lib/gcc/arm-none-eabi/7.2.1/../../../../arm-none-eabi/lib/thumb/v7e-m\libg.a(lib_a-locale.o)
 .text.__locale_mb_cur_max
                0x00000000       0x1c c:/program files (x86)/gnu tools arm embedded/7 2017-q4-major/bin/../lib/gcc/arm-none-eabi/7.2.1/../../../../arm-none-eabi/lib/thumb/v7e-m\libg.a(lib_a-locale.o)
 .text.__locale_ctype_ptr
                0x00000000       0x1c c:/program files (x86)/gnu tools arm embedded/7 2017-q4-major/bin/../lib/gcc/arm-none-eabi/7.2.1/../../../../arm-none-eabi/lib/thumb/v7e-m\libg.a(lib_a-locale.o)
 .text.setlocale
                0x00000000       0x10 c:/program files (x86)/gnu tools arm embedded/7 2017-q4-major/bin/../lib/gcc/arm-none-eabi/7.2.1/../../../../arm-none-eabi/lib/thumb/v7e-m\libg.a(lib_a-locale.o)
 .bss._PathLocale
                0x00000000        0x4 c:/program files (x86)/gnu tools arm embedded/7 2017-q4-major/bin/../lib/gcc/arm-none-eabi/7.2.1/../../../../arm-none-eabi/lib/thumb/v7e-m\libg.a(lib_a-locale.o)
 .text          0x00000000        0x0 c:/program files (x86)/gnu tools arm embedded/7 2017-q4-major/bin/../lib/gcc/arm-none-eabi/7.2.1/../../../../arm-none-eabi/lib/thumb/v7e-m\libg.a(lib_a-mbtowc_r.o)
 .data          0x00000000        0x0 c:/program files (x86)/gnu tools arm embedded/7 2017-q4-major/bin/../lib/gcc/arm-none-eabi/7.2.1/../../../../arm-none-eabi/lib/thumb/v7e-m\libg.a(lib_a-mbtowc_r.o)
 .bss           0x00000000        0x0 c:/program files (x86)/gnu tools arm embedded/7 2017-q4-major/bin/../lib/gcc/arm-none-eabi/7.2.1/../../../../arm-none-eabi/lib/thumb/v7e-m\libg.a(lib_a-mbtowc_r.o)
 .text._mbtowc_r
                0x00000000       0x24 c:/program files (x86)/gnu tools arm embedded/7 2017-q4-major/bin/../lib/gcc/arm-none-eabi/7.2.1/../../../../arm-none-eabi/lib/thumb/v7e-m\libg.a(lib_a-mbtowc_r.o)
 .text          0x00000000      0x2dc c:/program files (x86)/gnu tools arm embedded/7 2017-q4-major/bin/../lib/gcc/arm-none-eabi/7.2.1/../../../../arm-none-eabi/lib/thumb/v7e-m\libg.a(lib_a-strcmp.o)
 .data          0x00000000        0x0 c:/program files (x86)/gnu tools arm embedded/7 2017-q4-major/bin/../lib/gcc/arm-none-eabi/7.2.1/../../../../arm-none-eabi/lib/thumb/v7e-m\libg.a(lib_a-strcmp.o)
 .bss           0x00000000        0x0 c:/program files (x86)/gnu tools arm embedded/7 2017-q4-major/bin/../lib/gcc/arm-none-eabi/7.2.1/../../../../arm-none-eabi/lib/thumb/v7e-m\libg.a(lib_a-strcmp.o)
 .debug_frame   0x00000000       0x68 c:/program files (x86)/gnu tools arm embedded/7 2017-q4-major/bin/../lib/gcc/arm-none-eabi/7.2.1/../../../../arm-none-eabi/lib/thumb/v7e-m\libg.a(lib_a-strcmp.o)
 .ARM.attributes
                0x00000000       0x1c c:/program files (x86)/gnu tools arm embedded/7 2017-q4-major/bin/../lib/gcc/arm-none-eabi/7.2.1/../../../../arm-none-eabi/lib/thumb/v7e-m\libg.a(lib_a-strcmp.o)
 .text          0x00000000        0x0 c:/program files (x86)/gnu tools arm embedded/7 2017-q4-major/bin/../lib/gcc/arm-none-eabi/7.2.1/../../../../arm-none-eabi/lib/thumb/v7e-m\libg.a(lib_a-wctomb_r.o)
 .data          0x00000000        0x0 c:/program files (x86)/gnu tools arm embedded/7 2017-q4-major/bin/../lib/gcc/arm-none-eabi/7.2.1/../../../../arm-none-eabi/lib/thumb/v7e-m\libg.a(lib_a-wctomb_r.o)
 .bss           0x00000000        0x0 c:/program files (x86)/gnu tools arm embedded/7 2017-q4-major/bin/../lib/gcc/arm-none-eabi/7.2.1/../../../../arm-none-eabi/lib/thumb/v7e-m\libg.a(lib_a-wctomb_r.o)
 .text._wctomb_r
                0x00000000       0x24 c:/program files (x86)/gnu tools arm embedded/7 2017-q4-major/bin/../lib/gcc/arm-none-eabi/7.2.1/../../../../arm-none-eabi/lib/thumb/v7e-m\libg.a(lib_a-wctomb_r.o)
 .text          0x00000000        0x0 c:/program files (x86)/gnu tools arm embedded/7 2017-q4-major/bin/../lib/gcc/arm-none-eabi/7.2.1/../../../../arm-none-eabi/lib/thumb/v7e-m\libg.a(lib_a-ctype_.o)
 .data          0x00000000        0x0 c:/program files (x86)/gnu tools arm embedded/7 2017-q4-major/bin/../lib/gcc/arm-none-eabi/7.2.1/../../../../arm-none-eabi/lib/thumb/v7e-m\libg.a(lib_a-ctype_.o)
 .bss           0x00000000        0x0 c:/program files (x86)/gnu tools arm embedded/7 2017-q4-major/bin/../lib/gcc/arm-none-eabi/7.2.1/../../../../arm-none-eabi/lib/thumb/v7e-m\libg.a(lib_a-ctype_.o)

Memory Configuration

Name             Origin             Length             Attributes
rom              0x08000000         0x00100000         xr
ram              0x20000000         0x00020000         xrw
ram1             0x10000000         0x00010000         xrw
*default*        0x00000000         0xffffffff

Linker script and memory map

                0x20020000                _eram = 0x20020000

.text           0x08000000      0xd55
 *(.isr_vector)
 .isr_vector    0x08000000      0x188 ..\obj\startup_stm32f4xx.o
                0x08000000                g_pfnVectors
 *(.text*)
 .text.UartInit
                0x08000188       0x98 ..\obj\Uart.o
                0x08000188                UartInit
 .text.UartPut  0x08000220       0x34 ..\obj\Uart.o
                0x08000220                UartPut
 .text.UartPuts
                0x08000254       0x36 ..\obj\Uart.o
                0x08000254                UartPuts
 *fill*         0x0800028a        0x2 
 .text.CharToInt
                0x0800028c       0x40 ..\obj\AppLogic.o
                0x0800028c                CharToInt
 .text.StrSplit
                0x080002cc       0x30 ..\obj\AppLogic.o
                0x080002cc                StrSplit
 .text.USART_Init
                0x080002fc      0x174 ..\obj\stm32f4xx_usart.o
                0x080002fc                USART_Init
 .text.USART_Cmd
                0x08000470       0x3e ..\obj\stm32f4xx_usart.o
                0x08000470                USART_Cmd
 .text.USART_SendData
                0x080004ae       0x22 ..\obj\stm32f4xx_usart.o
                0x080004ae                USART_SendData
 .text.USART_ITConfig
                0x080004d0       0x8e ..\obj\stm32f4xx_usart.o
                0x080004d0                USART_ITConfig
 .text.USART_GetFlagStatus
                0x0800055e       0x36 ..\obj\stm32f4xx_usart.o
                0x0800055e                USART_GetFlagStatus
 .text.Default_Reset_Handler
                0x08000594       0x5c ..\obj\startup_stm32f4xx.o
                0x08000594                Default_Reset_Handler
                0x08000594                Reset_Handler
 .text.Default_Handler
                0x080005f0        0x6 ..\obj\startup_stm32f4xx.o
                0x080005f0                RTC_Alarm_IRQHandler
                0x080005f0                HASH_RNG_IRQHandler
                0x080005f0                EXTI2_IRQHandler
                0x080005f0                TIM8_CC_IRQHandler
                0x080005f0                DebugMon_Handler
                0x080005f0                TIM1_CC_IRQHandler
                0x080005f0                DMA2_Stream5_IRQHandler
                0x080005f0                HardFault_Handler
                0x080005f0                DMA1_Stream5_IRQHandler
                0x080005f0                SysTick_Handler
                0x080005f0                PVD_IRQHandler
                0x080005f0                SDIO_IRQHandler
                0x080005f0                TAMP_STAMP_IRQHandler
                0x080005f0                PendSV_Handler
                0x080005f0                NMI_Handler
                0x080005f0                CAN2_RX1_IRQHandler
                0x080005f0                EXTI3_IRQHandler
                0x080005f0                TIM8_TRG_COM_TIM14_IRQHandler
                0x080005f0                TIM1_UP_TIM10_IRQHandler
                0x080005f0                TIM8_UP_TIM13_IRQHandler
                0x080005f0                I2C3_ER_IRQHandler
                0x080005f0                EXTI0_IRQHandler
                0x080005f0                I2C2_EV_IRQHandler
                0x080005f0                DMA1_Stream2_IRQHandler
                0x080005f0                CAN1_RX0_IRQHandler
                0x080005f0                FPU_IRQHandler
                0x080005f0                OTG_HS_WKUP_IRQHandler
                0x080005f0                UsageFault_Handler
                0x080005f0                CAN2_SCE_IRQHandler
                0x080005f0                DMA2_Stream2_IRQHandler
                0x080005f0                SPI1_IRQHandler
                0x080005f0                TIM6_DAC_IRQHandler
                0x080005f0                TIM1_BRK_TIM9_IRQHandler
                0x080005f0                DCMI_IRQHandler
                0x080005f0                CAN2_RX0_IRQHandler
                0x080005f0                DMA2_Stream3_IRQHandler
                0x080005f0                USART6_IRQHandler
                0x080005f0                USART3_IRQHandler
                0x080005f0                CRYP_IRQHandler
                0x080005f0                CAN1_RX1_IRQHandler
                0x080005f0                UART5_IRQHandler
                0x080005f0                DMA2_Stream0_IRQHandler
                0x080005f0                TIM4_IRQHandler
                0x080005f0                I2C1_EV_IRQHandler
                0x080005f0                DMA1_Stream6_IRQHandler
                0x080005f0                DMA1_Stream1_IRQHandler
                0x080005f0                UART4_IRQHandler
                0x080005f0                TIM3_IRQHandler
                0x080005f0                RCC_IRQHandler
                0x080005f0                TIM8_BRK_TIM12_IRQHandler
                0x080005f0                EXTI15_10_IRQHandler
                0x080005f0                ADC_IRQHandler
                0x080005f0                DMA1_Stream7_IRQHandler
                0x080005f0                TIM7_IRQHandler
                0x080005f0                CAN2_TX_IRQHandler
                0x080005f0                TIM5_IRQHandler
                0x080005f0                DMA2_Stream7_IRQHandler
                0x080005f0                I2C3_EV_IRQHandler
                0x080005f0                EXTI9_5_IRQHandler
                0x080005f0                RTC_WKUP_IRQHandler
                0x080005f0                ETH_WKUP_IRQHandler
                0x080005f0                SPI2_IRQHandler
                0x080005f0                OTG_HS_EP1_IN_IRQHandler
                0x080005f0                MemManage_Handler
                0x080005f0                DMA1_Stream0_IRQHandler
                0x080005f0                CAN1_TX_IRQHandler
                0x080005f0                SVC_Handler
                0x080005f0                EXTI4_IRQHandler
                0x080005f0                FSMC_IRQHandler
                0x080005f0                ETH_IRQHandler
                0x080005f0                OTG_HS_EP1_OUT_IRQHandler
                0x080005f0                WWDG_IRQHandler
                0x080005f0                TIM2_IRQHandler
                0x080005f0                OTG_FS_WKUP_IRQHandler
                0x080005f0                TIM1_TRG_COM_TIM11_IRQHandler
                0x080005f0                OTG_HS_IRQHandler
                0x080005f0                EXTI1_IRQHandler
                0x080005f0                USART2_IRQHandler
                0x080005f0                I2C2_ER_IRQHandler
                0x080005f0                DMA2_Stream1_IRQHandler
                0x080005f0                CAN1_SCE_IRQHandler
                0x080005f0                FLASH_IRQHandler
                0x080005f0                DMA2_Stream4_IRQHandler
                0x080005f0                BusFault_Handler
                0x080005f0                USART1_IRQHandler
                0x080005f0                OTG_FS_IRQHandler
                0x080005f0                SPI3_IRQHandler
                0x080005f0                DMA1_Stream4_IRQHandler
                0x080005f0                I2C1_ER_IRQHandler
                0x080005f0                DMA2_Stream6_IRQHandler
                0x080005f0                DMA1_Stream3_IRQHandler
 *fill*         0x080005f6        0x2 
 .text.main     0x080005f8       0x48 ..\obj\main.o
                0x080005f8                main
 .text.RCC_GetClocksFreq
                0x08000640      0x150 ..\obj\stm32f4xx_rcc.o
                0x08000640                RCC_GetClocksFreq
 .text.RCC_AHB1PeriphClockCmd
                0x08000790       0x3c ..\obj\stm32f4xx_rcc.o
                0x08000790                RCC_AHB1PeriphClockCmd
 .text.RCC_APB1PeriphClockCmd
                0x080007cc       0x3c ..\obj\stm32f4xx_rcc.o
                0x080007cc                RCC_APB1PeriphClockCmd
 .text.GPIO_Init
                0x08000808      0x11a ..\obj\stm32f4xx_gpio.o
                0x08000808                GPIO_Init
 .text.GPIO_PinAFConfig
                0x08000922       0x90 ..\obj\stm32f4xx_gpio.o
                0x08000922                GPIO_PinAFConfig
 *fill*         0x080009b2        0x2 
 .text.atoi     0x080009b4        0x8 c:/program files (x86)/gnu tools arm embedded/7 2017-q4-major/bin/../lib/gcc/arm-none-eabi/7.2.1/../../../../arm-none-eabi/lib/thumb/v7e-m\libg.a(lib_a-atoi.o)
                0x080009b4                atoi
 .text.strpbrk  0x080009bc       0x44 c:/program files (x86)/gnu tools arm embedded/7 2017-q4-major/bin/../lib/gcc/arm-none-eabi/7.2.1/../../../../arm-none-eabi/lib/thumb/v7e-m\libg.a(lib_a-strpbrk.o)
                0x080009bc                strpbrk
 .text.strtok   0x08000a00       0x10 c:/program files (x86)/gnu tools arm embedded/7 2017-q4-major/bin/../lib/gcc/arm-none-eabi/7.2.1/../../../../arm-none-eabi/lib/thumb/v7e-m\libg.a(lib_a-strtok.o)
                0x08000a00                strtok
 .text.__strtok_r
                0x08000a10       0x64 c:/program files (x86)/gnu tools arm embedded/7 2017-q4-major/bin/../lib/gcc/arm-none-eabi/7.2.1/../../../../arm-none-eabi/lib/thumb/v7e-m\libg.a(lib_a-strtok_r.o)
                0x08000a10                __strtok_r
 .text._strtol_l.isra.0
                0x08000a74      0x124 c:/program files (x86)/gnu tools arm embedded/7 2017-q4-major/bin/../lib/gcc/arm-none-eabi/7.2.1/../../../../arm-none-eabi/lib/thumb/v7e-m\libg.a(lib_a-strtol.o)
 .text.strtol   0x08000b98       0x2c c:/program files (x86)/gnu tools arm embedded/7 2017-q4-major/bin/../lib/gcc/arm-none-eabi/7.2.1/../../../../arm-none-eabi/lib/thumb/v7e-m\libg.a(lib_a-strtol.o)
                0x08000b98                strtol
 .text.__locale_ctype_ptr_l
                0x08000bc4        0x8 c:/program files (x86)/gnu tools arm embedded/7 2017-q4-major/bin/../lib/gcc/arm-none-eabi/7.2.1/../../../../arm-none-eabi/lib/thumb/v7e-m\libg.a(lib_a-locale.o)
                0x08000bc4                __locale_ctype_ptr_l
 .text.__ascii_mbtowc
                0x08000bcc       0x2c c:/program files (x86)/gnu tools arm embedded/7 2017-q4-major/bin/../lib/gcc/arm-none-eabi/7.2.1/../../../../arm-none-eabi/lib/thumb/v7e-m\libg.a(lib_a-mbtowc_r.o)
                0x08000bcc                __ascii_mbtowc
 .text.__ascii_wctomb
                0x08000bf8       0x1c c:/program files (x86)/gnu tools arm embedded/7 2017-q4-major/bin/../lib/gcc/arm-none-eabi/7.2.1/../../../../arm-none-eabi/lib/thumb/v7e-m\libg.a(lib_a-wctomb_r.o)
                0x08000bf8                __ascii_wctomb
 *(.init)
 *(.fini)
 *crtbegin.o(.ctors)
 *crtbegin?.o(.ctors)
 *(EXCLUDE_FILE(*crtend.o *crtend?.o) .ctors)
 *(SORT_BY_NAME(.ctors.*))
 *(.ctors)
 *crtbegin.o(.dtors)
 *crtbegin?.o(.dtors)
 *(EXCLUDE_FILE(*crtend.o *crtend?.o) .dtors)
 *(SORT_BY_NAME(.dtors.*))
 *(.dtors)
 *(.rodata*)
 .rodata        0x08000c14        0xe ..\obj\AppLogic.o
 *fill*         0x08000c22        0x2 
 .rodata        0x08000c24       0x1b ..\obj\main.o
 *fill*         0x08000c3f        0x1 
 .rodata._setlocale_r.str1.4
                0x08000c40        0xd c:/program files (x86)/gnu tools arm embedded/7 2017-q4-major/bin/../lib/gcc/arm-none-eabi/7.2.1/../../../../arm-none-eabi/lib/thumb/v7e-m\libg.a(lib_a-locale.o)
 *fill*         0x08000c4d        0x3 
 .rodata.str1.4
                0x08000c50        0x4 c:/program files (x86)/gnu tools arm embedded/7 2017-q4-major/bin/../lib/gcc/arm-none-eabi/7.2.1/../../../../arm-none-eabi/lib/thumb/v7e-m\libg.a(lib_a-locale.o)
                                  0x2 (size before relaxing)
 .rodata._ctype_
                0x08000c54      0x101 c:/program files (x86)/gnu tools arm embedded/7 2017-q4-major/bin/../lib/gcc/arm-none-eabi/7.2.1/../../../../arm-none-eabi/lib/thumb/v7e-m\libg.a(lib_a-ctype_.o)
                0x08000c54                _ctype_
 *(.eh_fram e*)

.glue_7         0x08000d58        0x0
 .glue_7        0x08000d58        0x0 linker stubs

.glue_7t        0x08000d58        0x0
 .glue_7t       0x08000d58        0x0 linker stubs

.vfp11_veneer   0x08000d58        0x0
 .vfp11_veneer  0x08000d58        0x0 linker stubs

.v4_bx          0x08000d58        0x0
 .v4_bx         0x08000d58        0x0 linker stubs

.iplt           0x08000d58        0x0
 .iplt          0x08000d58        0x0 ..\obj\Uart.o

.rel.dyn        0x08000d58        0x0
 .rel.iplt      0x08000d58        0x0 ..\obj\Uart.o

.ARM.extab
 *(.ARM.extab* .gnu.linkonce.armextab.*)
                0x08000d58                __exidx_start = .

.ARM.exidx
 *(.ARM.exidx* .gnu.linkonce.armexidx.*)
                0x08000d58                __exidx_end = .
                0x08000d58                __etext = .
                0x08000d55                _sidata = __etext

.data           0x20000000      0x5a8 load address 0x08000d55
                0x20000000                __data_start__ = .
                0x20000000                _sdata = __data_start__
 *(vtable)
 *(.data*)
 .data          0x20000000       0x10 ..\obj\stm32f4xx_rcc.o
 .data          0x20000010      0x42c ..\obj\printf.o
                0x20000010                r
                0x20000438                _impure_ptr
 .data.__global_locale
                0x2000043c      0x16c c:/program files (x86)/gnu tools arm embedded/7 2017-q4-major/bin/../lib/gcc/arm-none-eabi/7.2.1/../../../../arm-none-eabi/lib/thumb/v7e-m\libg.a(lib_a-locale.o)
                0x2000043c                __global_locale
                0x200005a8                . = ALIGN (0x4)
                [!provide]                PROVIDE (__preinit_array_start, .)
 *(.preinit_array)
                [!provide]                PROVIDE (__preinit_array_end, .)
                0x200005a8                . = ALIGN (0x4)
                [!provide]                PROVIDE (__init_array_start, .)
 *(SORT_BY_NAME(.init_array.*))
 *(.init_array)
                [!provide]                PROVIDE (__init_array_end, .)
                0x200005a8                . = ALIGN (0x4)
                [!provide]                PROVIDE (__fini_array_start, .)
 *(SORT_BY_NAME(.fini_array.*))
 *(.fini_array)
                [!provide]                PROVIDE (__fini_array_end, .)
 *(.jcr*)
                0x200005a8                . = ALIGN (0x4)
                0x200005a8                __data_end__ = .
                0x200005a8                _edata = __data_end__

.igot.plt       0x200005a8        0x0 load address 0x08001300
 .igot.plt      0x200005a8        0x0 ..\obj\Uart.o

.bss            0x200005a8        0x8 load address 0x08001300
                0x200005a8                . = ALIGN (0x4)
                0x200005a8                __bss_start__ = .
                0x200005a8                _sbss = __bss_start__
 *(.bss*)
 *(COMMON)
 COMMON         0x200005a8        0x8 ..\obj\main.o
                0x200005a8                error
                0x200005ac                object_name
                0x200005b0                . = ALIGN (0x4)
                0x200005b0                __bss_end__ = .
                0x200005b0                _ebss = __bss_end__

.heap           0x200005b0        0x0
                0x200005b0                __end__ = .
                0x200005b0                _end = __end__
                0x200005b0                end = __end__
 *(.heap*)
                0x200005b0                __HeapLimit = .

.co_stack       0x200005b0      0x800 load address 0x08001308
                0x200005b0                . = ALIGN (0x8)
 *(.co_stack .co_stack.*)
 .co_stack      0x200005b0      0x800 ..\obj\startup_stm32f4xx.o
                0x200005b0                pulStack
                0x20020000                __StackTop = (ORIGIN (ram) + LENGTH (ram))
                0x2001f800                __StackLimit = (__StackTop - SIZEOF (.co_stack))
                [!provide]                PROVIDE (__stack, __StackTop)
                0x00000001                ASSERT ((__StackLimit >= __HeapLimit), region ram  overflowed with stack)
LOAD ..\obj\AppFront.o
LOAD ..\obj\Uart.o
LOAD ..\obj\AppLogic.o
LOAD ..\obj\stm32f4xx_usart.o
LOAD ..\obj\startup_stm32f4xx.o
LOAD ..\obj\main.o
LOAD ..\obj\stm32f4xx_rcc.o
LOAD ..\obj\printf.o
LOAD ..\obj\stm32f4xx_gpio.o
LOAD ..\obj\system_stm32f4xx.o
LOAD ..\obj\syscalls.o
START GROUP
LOAD c:/program files (x86)/gnu tools arm embedded/7 2017-q4-major/bin/../lib/gcc/arm-none-eabi/7.2.1/thumb/v7e-m\libgcc.a
LOAD c:/program files (x86)/gnu tools arm embedded/7 2017-q4-major/bin/../lib/gcc/arm-none-eabi/7.2.1/../../../../arm-none-eabi/lib/thumb/v7e-m\libg.a
LOAD c:/program files (x86)/gnu tools arm embedded/7 2017-q4-major/bin/../lib/gcc/arm-none-eabi/7.2.1/../../../../arm-none-eabi/lib/thumb/v7e-m\libc.a
END GROUP
OUTPUT(TEAM3API.elf elf32-littlearm)

.debug_info     0x00000000     0x430a
 .debug_info    0x00000000      0x4e9 ..\obj\Uart.o
 .debug_info    0x000004e9      0x920 ..\obj\AppLogic.o
 .debug_info    0x00000e09      0x9d0 ..\obj\stm32f4xx_usart.o
 .debug_info    0x000017d9      0x113 ..\obj\startup_stm32f4xx.o
 .debug_info    0x000018ec      0x92c ..\obj\main.o
 .debug_info    0x00002218      0xc6e ..\obj\stm32f4xx_rcc.o
 .debug_info    0x00002e86      0xe60 ..\obj\printf.o
 .debug_info    0x00003ce6      0x624 ..\obj\stm32f4xx_gpio.o

.debug_abbrev   0x00000000      0xdd4
 .debug_abbrev  0x00000000      0x18b ..\obj\Uart.o
 .debug_abbrev  0x0000018b      0x1f0 ..\obj\AppLogic.o
 .debug_abbrev  0x0000037b      0x184 ..\obj\stm32f4xx_usart.o
 .debug_abbrev  0x000004ff       0xc1 ..\obj\startup_stm32f4xx.o
 .debug_abbrev  0x000005c0      0x1d0 ..\obj\main.o
 .debug_abbrev  0x00000790      0x1fa ..\obj\stm32f4xx_rcc.o
 .debug_abbrev  0x0000098a      0x28e ..\obj\printf.o
 .debug_abbrev  0x00000c18      0x1bc ..\obj\stm32f4xx_gpio.o

.debug_aranges  0x00000000      0x450
 .debug_aranges
                0x00000000       0x40 ..\obj\Uart.o
 .debug_aranges
                0x00000040       0x28 ..\obj\AppLogic.o
 .debug_aranges
                0x00000068      0x100 ..\obj\stm32f4xx_usart.o
 .debug_aranges
                0x00000168       0x28 ..\obj\startup_stm32f4xx.o
 .debug_aranges
                0x00000190       0x20 ..\obj\main.o
 .debug_aranges
                0x000001b0      0x178 ..\obj\stm32f4xx_rcc.o
 .debug_aranges
                0x00000328       0xa0 ..\obj\printf.o
 .debug_aranges
                0x000003c8       0x88 ..\obj\stm32f4xx_gpio.o

.debug_ranges   0x00000000      0x3d0
 .debug_ranges  0x00000000       0x30 ..\obj\Uart.o
 .debug_ranges  0x00000030       0x18 ..\obj\AppLogic.o
 .debug_ranges  0x00000048       0xf0 ..\obj\stm32f4xx_usart.o
 .debug_ranges  0x00000138       0x18 ..\obj\startup_stm32f4xx.o
 .debug_ranges  0x00000150       0x10 ..\obj\main.o
 .debug_ranges  0x00000160      0x168 ..\obj\stm32f4xx_rcc.o
 .debug_ranges  0x000002c8       0x90 ..\obj\printf.o
 .debug_ranges  0x00000358       0x78 ..\obj\stm32f4xx_gpio.o

.debug_line     0x00000000     0x1961
 .debug_line    0x00000000      0x2a5 ..\obj\Uart.o
 .debug_line    0x000002a5      0x1bf ..\obj\AppLogic.o
 .debug_line    0x00000464      0x4e5 ..\obj\stm32f4xx_usart.o
 .debug_line    0x00000949       0x9c ..\obj\startup_stm32f4xx.o
 .debug_line    0x000009e5      0x29f ..\obj\main.o
 .debug_line    0x00000c84      0x5d1 ..\obj\stm32f4xx_rcc.o
 .debug_line    0x00001255      0x380 ..\obj\printf.o
 .debug_line    0x000015d5      0x38c ..\obj\stm32f4xx_gpio.o

.debug_str      0x00000000     0x15fc
 .debug_str     0x00000000      0x433 ..\obj\Uart.o
                                0x494 (size before relaxing)
 .debug_str     0x00000433      0x41f ..\obj\AppLogic.o
                                0x57f (size before relaxing)
 .debug_str     0x00000852      0x428 ..\obj\stm32f4xx_usart.o
                                0x6c7 (size before relaxing)
 .debug_str     0x00000c7a       0xbd ..\obj\startup_stm32f4xx.o
                                0x18e (size before relaxing)
 .debug_str     0x00000d37       0x3b ..\obj\main.o
                                0x5b1 (size before relaxing)
 .debug_str     0x00000d72      0x5de ..\obj\stm32f4xx_rcc.o
                                0x888 (size before relaxing)
 .debug_str     0x00001350      0x10e ..\obj\printf.o
                                0x675 (size before relaxing)
 .debug_str     0x0000145e      0x19e ..\obj\stm32f4xx_gpio.o
                                0x4db (size before relaxing)

.comment        0x00000000       0x7e
 .comment       0x00000000       0x7e ..\obj\Uart.o
                                 0x7f (size before relaxing)
 .comment       0x0000007e       0x7f ..\obj\AppLogic.o
 .comment       0x0000007e       0x7f ..\obj\stm32f4xx_usart.o
 .comment       0x0000007e       0x7f ..\obj\startup_stm32f4xx.o
 .comment       0x0000007e       0x7f ..\obj\main.o
 .comment       0x0000007e       0x7f ..\obj\stm32f4xx_rcc.o
 .comment       0x0000007e       0x7f ..\obj\printf.o
 .comment       0x0000007e       0x7f ..\obj\stm32f4xx_gpio.o

.ARM.attributes
                0x00000000       0x31
 .ARM.attributes
                0x00000000       0x33 ..\obj\Uart.o
 .ARM.attributes
                0x00000033       0x33 ..\obj\AppLogic.o
 .ARM.attributes
                0x00000066       0x33 ..\obj\stm32f4xx_usart.o
 .ARM.attributes
                0x00000099       0x33 ..\obj\startup_stm32f4xx.o
 .ARM.attributes
                0x000000cc       0x33 ..\obj\main.o
 .ARM.attributes
                0x000000ff       0x33 ..\obj\stm32f4xx_rcc.o
 .ARM.attributes
                0x00000132       0x33 ..\obj\printf.o
 .ARM.attributes
                0x00000165       0x33 ..\obj\stm32f4xx_gpio.o
 .ARM.attributes
                0x00000198       0x2e c:/program files (x86)/gnu tools arm embedded/7 2017-q4-major/bin/../lib/gcc/arm-none-eabi/7.2.1/../../../../arm-none-eabi/lib/thumb/v7e-m\libg.a(lib_a-atoi.o)
 .ARM.attributes
                0x000001c6       0x2e c:/program files (x86)/gnu tools arm embedded/7 2017-q4-major/bin/../lib/gcc/arm-none-eabi/7.2.1/../../../../arm-none-eabi/lib/thumb/v7e-m\libg.a(lib_a-strpbrk.o)
 .ARM.attributes
                0x000001f4       0x2e c:/program files (x86)/gnu tools arm embedded/7 2017-q4-major/bin/../lib/gcc/arm-none-eabi/7.2.1/../../../../arm-none-eabi/lib/thumb/v7e-m\libg.a(lib_a-strtok.o)
 .ARM.attributes
                0x00000222       0x2e c:/program files (x86)/gnu tools arm embedded/7 2017-q4-major/bin/../lib/gcc/arm-none-eabi/7.2.1/../../../../arm-none-eabi/lib/thumb/v7e-m\libg.a(lib_a-strtok_r.o)
 .ARM.attributes
                0x00000250       0x2e c:/program files (x86)/gnu tools arm embedded/7 2017-q4-major/bin/../lib/gcc/arm-none-eabi/7.2.1/../../../../arm-none-eabi/lib/thumb/v7e-m\libg.a(lib_a-strtol.o)
 .ARM.attributes
                0x0000027e       0x2e c:/program files (x86)/gnu tools arm embedded/7 2017-q4-major/bin/../lib/gcc/arm-none-eabi/7.2.1/../../../../arm-none-eabi/lib/thumb/v7e-m\libg.a(lib_a-locale.o)
 .ARM.attributes
                0x000002ac       0x2e c:/program files (x86)/gnu tools arm embedded/7 2017-q4-major/bin/../lib/gcc/arm-none-eabi/7.2.1/../../../../arm-none-eabi/lib/thumb/v7e-m\libg.a(lib_a-mbtowc_r.o)
 .ARM.attributes
                0x000002da       0x2e c:/program files (x86)/gnu tools arm embedded/7 2017-q4-major/bin/../lib/gcc/arm-none-eabi/7.2.1/../../../../arm-none-eabi/lib/thumb/v7e-m\libg.a(lib_a-wctomb_r.o)
 .ARM.attributes
                0x00000308       0x2e c:/program files (x86)/gnu tools arm embedded/7 2017-q4-major/bin/../lib/gcc/arm-none-eabi/7.2.1/../../../../arm-none-eabi/lib/thumb/v7e-m\libg.a(lib_a-ctype_.o)

.debug_frame    0x00000000     0x1468
 .debug_frame   0x00000000       0xc4 ..\obj\Uart.o
 .debug_frame   0x000000c4       0x58 ..\obj\AppLogic.o
 .debug_frame   0x0000011c      0x490 ..\obj\stm32f4xx_usart.o
 .debug_frame   0x000005ac       0x4c ..\obj\startup_stm32f4xx.o
 .debug_frame   0x000005f8       0x30 ..\obj\main.o
 .debug_frame   0x00000628      0x6d4 ..\obj\stm32f4xx_rcc.o
 .debug_frame   0x00000cfc      0x2dc ..\obj\printf.o
 .debug_frame   0x00000fd8      0x23c ..\obj\stm32f4xx_gpio.o
 .debug_frame   0x00001214       0x30 c:/program files (x86)/gnu tools arm embedded/7 2017-q4-major/bin/../lib/gcc/arm-none-eabi/7.2.1/../../../../arm-none-eabi/lib/thumb/v7e-m\libg.a(lib_a-atoi.o)
 .debug_frame   0x00001244       0x30 c:/program files (x86)/gnu tools arm embedded/7 2017-q4-major/bin/../lib/gcc/arm-none-eabi/7.2.1/../../../../arm-none-eabi/lib/thumb/v7e-m\libg.a(lib_a-strpbrk.o)
 .debug_frame   0x00001274       0x20 c:/program files (x86)/gnu tools arm embedded/7 2017-q4-major/bin/../lib/gcc/arm-none-eabi/7.2.1/../../../../arm-none-eabi/lib/thumb/v7e-m\libg.a(lib_a-strtok.o)
 .debug_frame   0x00001294       0x48 c:/program files (x86)/gnu tools arm embedded/7 2017-q4-major/bin/../lib/gcc/arm-none-eabi/7.2.1/../../../../arm-none-eabi/lib/thumb/v7e-m\libg.a(lib_a-strtok_r.o)
 .debug_frame   0x000012dc       0x98 c:/program files (x86)/gnu tools arm embedded/7 2017-q4-major/bin/../lib/gcc/arm-none-eabi/7.2.1/../../../../arm-none-eabi/lib/thumb/v7e-m\libg.a(lib_a-strtol.o)
 .debug_frame   0x00001374       0x6c c:/program files (x86)/gnu tools arm embedded/7 2017-q4-major/bin/../lib/gcc/arm-none-eabi/7.2.1/../../../../arm-none-eabi/lib/thumb/v7e-m\libg.a(lib_a-locale.o)
 .debug_frame   0x000013e0       0x4c c:/program files (x86)/gnu tools arm embedded/7 2017-q4-major/bin/../lib/gcc/arm-none-eabi/7.2.1/../../../../arm-none-eabi/lib/thumb/v7e-m\libg.a(lib_a-mbtowc_r.o)
 .debug_frame   0x0000142c       0x3c c:/program files (x86)/gnu tools arm embedded/7 2017-q4-major/bin/../lib/gcc/arm-none-eabi/7.2.1/../../../../arm-none-eabi/lib/thumb/v7e-m\libg.a(lib_a-wctomb_r.o)
